Script started on Wed 27 Feb 2013 06:39:21 PM CST

$ 
$ [H[2J$ mkdir NCCL
$ cd NCCL/
$ ls
$ mkdir Lesson-1
$ cd Lesson-1/
$ ls
$ vi simple.c
[?1049h[?1h=[1;23r[?12;25h[?12l[?25h[27m[m[H[2J[?25l[23;1H"simple.c" [New File][>c[1;1H[33m  1 [m
[1m[34m~                                                                       [3;1H~                                                                       [4;1H~                                                                       [5;1H~                                                                       [6;1H~                                                                       [7;1H~                                                                       [8;1H~                                                                       [9;1H~                                                                       [10;1H~                                                                       [11;1H~                                                                       [12;1H~                                                                       [13;1H~                                                                       [14;1H~                                                                       [15;1H~                                                                       [16;1H~                                                                       [17;1H~                                                                       [18;1H~                                                                       [19;1H~                                                                       [20;1H~                                                                       [21;1H~                                                                       [22;1H~                                                                       [m[23;55H0,0-1[9CAll[1;5H[?12l[?25hP+q436f\P+q6b75\P+q6b64\P+q6b72\P+q6b6c\P+q2332\P+q2334\P+q2569\P+q2a37\P+q6b31\[?25l[23;1H[1m-- INSERT --[m[23;13H[K[23;55H0,1[11CAll[1;5H[?12l[?25h[?25l[33m [mi[23;55H1,2[1;6H[?12l[?25h[?25lin[23;57H3[1;7H[?12l[?25h[?25l[32mint[m[23;57H4[1;8H[?12l[?25h[?25l[23;57H5[1;9H[?12l[?25h[?25l m[23;57H6[1;10H[?12l[?25h[?25lma[23;57H7[1;11H[?12l[?25h[?25lai[23;57H8[1;12H[?12l[?25h[?25lin[23;57H9[1;13H[?12l[?25h[?25ln([23;57H10[1;14H[?12l[?25h[?25l(v[23;58H1[1;15H[?12l[?25h[?25lvo[23;58H2[1;16H[?12l[?25h[?25loi[23;58H3[1;17H[?12l[?25h[?25l[32mvoid[m[23;58H4[1;18H[?12l[?25h[?25l[32md[m)[46m([4C)[m[23;58H5[1;19H[?12l[?25h[?25l
[33m  2 [m[2;5H[K[1;13H([4C)[23;55H2,1 [2;5H[?12l[?25h[?25l[33m [m{[23;57H2[2;6H[?12l[?25h[?25l
[33m  3 [m[3;5H[K[23;55H3,1[3;5H[?12l[?25h[?25l
[33m  4 [m[4;5H[K[23;55H4[4;5H[?12l[?25h[?25l[33m [m}[2;5H[46m{[4;5H}[m[23;57H2[4;6H[?12l[?25h[?25l[2;5H{[4;5H}[23;55H3,1[3;5H[?12l[?25h[?25l[23;57H2-9[3;13H[?12l[?25h[?25l r[23;57H3-10[3;14H[?12l[?25h[?25lre[23;57H4-11[3;15H[?12l[?25h[?25let[23;57H5-12[3;16H[?12l[?25h[?25ltu[23;57H6-13[3;17H[?12l[?25h[?25lur[23;57H7-14[3;18H[?12l[?25h[?25l[33mreturn[m[23;57H8-15[3;19H[?12l[?25h[?25l[23;57H9-16[3;20H[?12l[?25h[?25l [31m0[m[23;57H10-17[3;21H[?12l[?25h[?25l[31m0[m;[23;58H1-18[3;22H[?12l[?25h[?25l[23;1H[K[23;55H3,10-17[7CAll[3;21H[?12l[?25h[?25l[23;55H[K[23;1H:[?12l[?25hw[?25l[?12l[?25hq[?25l[?12l[?25h[?25l"simple.c" [New] 4L, 30C written
[?1l>[?12l[?25h[?1049l$ cat simple.c 
int main(void)
{
	return 0;
}
$ gcc simple.c 
$ ls
[0m[01;32ma.out[0m  simple.c
$ ls -l
total 12
-rwxrwxr-x 1 akaedu akaedu 7124 Feb 27 18:41 [0m[01;32ma.out[0m
-rw-rw-r-- 1 akaedu akaedu   30 Feb 27 18:40 simple.c
$ a.out
a.out: command not found
$ ./a.out 
$ echo $?
0
$ vi le[K[Ksimple.c 
[?1049h[?1h=[1;23r[?12;25h[?12l[?25h[27m[m[H[2J[?25l[23;1H"simple.c" 4L, 30C[>c[1;1H[33m  1 [m[32mint[m main([32mvoid[m)
[33m  2 [m{
[33m  3 [m[7C [33mreturn[m [31m0[m;
[33m  4 [m}
[1m[34m~                                                                       [6;1H~                                                                       [7;1H~                                                                       [8;1H~                                                                       [9;1H~                                                                       [10;1H~                                                                       [11;1H~                                                                       [12;1H~                                                                       [13;1H~                                                                       [14;1H~                                                                       [15;1H~                                                                       [16;1H~                                                                       [17;1H~                                                                       [18;1H~                                                                       [19;1H~                                                                       [20;1H~                                                                       [21;1H~                                                                       [22;1H~                                                                       [m[23;55H1,1[11CAll[1;5H[?12l[?25hP+q436f\P+q6b75\P+q6b64\P+q6b72\P+q6b6c\P+q2332\P+q2334\P+q2569\P+q2a37\P+q6b31\[?25l[2;5H[46m{[4;5H}[m[23;55H2[2;5H[?12l[?25h[?25l{[4;5H}[23;55H3,1-8[3;12H[?12l[?25h[?25l[23;58H0-17[3;21H[?12l[?25h[?25l[23;57H9-16 [3;20H[?12l[?25h[?25l ;[3;21H[K[3;20H[?12l[?25h[?25l[23;1H[1m-- INSERT --[m[23;13H[K[23;55H3,9-16[8CAll[3;20H[?12l[?25h[?25l [31m1[m;[23;57H10-17[3;21H[?12l[?25h[?25l[31m10[m;[23;58H1-18[3;22H[?12l[?25h[?25l[31m00[m;[23;58H2-19[3;23H[?12l[?25h[?25l[23;1H[K[23;55H3,11-18[7CAll[3;22H[?12l[?25h[?25l[23;55H[K[23;1H:[?12l[?25hw[?25l[?12l[?25hq[?25l[?12l[?25h[?25l"simple.c" 4L, 32C written
[?1l>[?12l[?25h[?1049l$ gcc simple.c 
$ ./a.out 
$ echo $?
100
$ cat simple.c 
int main(void)
{
	return 100;
}
$ exit
exit

Script done on Wed 27 Feb 2013 06:44:58 PM CST
